metadata:
  creationTimestamp: null
  finalizers:
  - resources-finalizer.argocd.argoproj.io
  name: exapp-staging-a
spec:
  destination:
    name: ocp4-cloudscale-staging
    namespace: pitc-cicd-argocd-example-staging-a
  project: pitc-apps
  source:
    helm:
      valueFiles:
      - common/values.yaml
      - variants/customer-a/values.yaml
      - variants/staging/values.yaml
      - envs/staging-a/values.yaml
      - envs/staging-a/version.yaml
    path: subchart
    repoURL: https://github.com/schlapzz/argocd-ops-example.git
    targetRevision: propagation
  syncPolicy:
    automated:
      prune: true
      selfHeal: true
    syncOptions:
    - CreateNamespace=true
status:
  health: {}
  summary: {}
  sync:
    comparedTo:
      destination: {}
      source:
        repoURL: ""
    status: ""
